// Vitest Snapshot v1, https://vitest.dev/guide/snapshot.html

exports[`SimpleTooltip Component > applies custom className to TooltipContent 1`] = `
<DocumentFragment>
  <button
    data-state="closed"
  >
    <svg
      aria-hidden="true"
      class="lucide lucide-info size-3"
      fill="none"
      height="24"
      stroke="currentColor"
      stroke-linecap="round"
      stroke-linejoin="round"
      stroke-width="1.5"
      viewBox="0 0 24 24"
      width="24"
      xmlns="http://www.w3.org/2000/svg"
    >
      <circle
        cx="12"
        cy="12"
        r="10"
      />
      <path
        d="M12 16v-4"
      />
      <path
        d="M12 8h.01"
      />
    </svg>
  </button>
</DocumentFragment>
`;

exports[`SimpleTooltip Component > renders correctly with custom trigger 1`] = `
<DocumentFragment>
  <button
    data-state="closed"
  >
    <a>
      Custom Trigger
    </a>
  </button>
</DocumentFragment>
`;

exports[`SimpleTooltip Component > renders correctly with default trigger 1`] = `
<DocumentFragment>
  <button
    data-state="closed"
  >
    <svg
      aria-hidden="true"
      class="lucide lucide-info size-3"
      fill="none"
      height="24"
      stroke="currentColor"
      stroke-linecap="round"
      stroke-linejoin="round"
      stroke-width="1.5"
      viewBox="0 0 24 24"
      width="24"
      xmlns="http://www.w3.org/2000/svg"
    >
      <circle
        cx="12"
        cy="12"
        r="10"
      />
      <path
        d="M12 16v-4"
      />
      <path
        d="M12 8h.01"
      />
    </svg>
  </button>
</DocumentFragment>
`;
