// Vitest Snapshot v1, https://vitest.dev/guide/snapshot.html

exports[`ZodError Component > matches the snapshot 1`] = `
<DocumentFragment>
  <div
    class="text-danger text-xs flex items-center gap-2"
    style="opacity: 0; transform: scale(0.8);"
  >
    <svg
      class="lucide lucide-badge-alert stroke-danger size-4"
      fill="none"
      height="24"
      stroke="currentColor"
      stroke-linecap="round"
      stroke-linejoin="round"
      stroke-width="2"
      viewBox="0 0 24 24"
      width="24"
      xmlns="http://www.w3.org/2000/svg"
    >
      <path
        d="M3.85 8.62a4 4 0 0 1 4.78-4.77 4 4 0 0 1 6.74 0 4 4 0 0 1 4.78 4.78 4 4 0 0 1 0 6.74 4 4 0 0 1-4.77 4.78 4 4 0 0 1-6.75 0 4 4 0 0 1-4.78-4.77 4 4 0 0 1 0-6.76Z"
      />
      <line
        x1="12"
        x2="12"
        y1="8"
        y2="12"
      />
      <line
        x1="12"
        x2="12.01"
        y1="16"
        y2="16"
      />
    </svg>
     Field1 is required
  </div>
</DocumentFragment>
`;
